> Task :compileJava UP-TO-DATE
> Task :processResources
> Task :classes
> Task :resolveMainClassName

> Task :bootRun
21:00:48.883 [main] INFO org.springframework.boot.devtools.restart.RestartApplicationListener -- Restart disabled due to System property 'spring.devtools.restart.enabled' being set to false

  .   ____          _            __ _ _
 /\\ / ___'_ __ _ _(_)_ __  __ _ \ \ \ \
( ( )\___ | '_ | '_| | '_ \/ _` | \ \ \ \
 \\/  ___)| |_)| | | | | || (_| |  ) ) ) )
  '  |____| .__|_| |_|_| |_\__, | / / / /
 =========|_|==============|___/=/_/_/_/

 :: Spring Boot ::                (v3.4.2)

2026-06-08T21:00:49.449+09:00  INFO 35600 --- [springboot] [           main] c.chs.springboot.SpringbootApplication   : Starting SpringbootApplication using Java 17.0.18 with PID 35600 (C:\Users\Tissue\IdeaProjects\home\springboot\build\classes\java\main started by Tissue in C:\Users\Tissue\IdeaProjects\home\springboot)
2026-06-08T21:00:49.451+09:00  INFO 35600 --- [springboot] [           main] c.chs.springboot.SpringbootApplication   : The following 1 profile is active: "local"
2026-06-08T21:00:49.482+09:00  INFO 35600 --- [springboot] [           main] .e.DevToolsPropertyDefaultsPostProcessor : For additional web related logging consider setting the 'logging.level.web' property to 'DEBUG'
2026-06-08T21:00:50.578+09:00  INFO 35600 --- [springboot] [           main] .s.d.r.c.RepositoryConfigurationDelegate : Multiple Spring Data modules found, entering strict repository configuration mode
2026-06-08T21:00:50.580+09:00  INFO 35600 --- [springboot] [           main] .s.d.r.c.RepositoryConfigurationDelegate : Bootstrapping Spring Data JPA repositories in DEFAULT mode.
2026-06-08T21:00:50.782+09:00  INFO 35600 --- [springboot] [           main] .s.d.r.c.RepositoryConfigurationDelegate : Finished Spring Data repository scanning in 194 ms. Found 20 JPA repository interfaces.
2026-06-08T21:00:50.796+09:00  INFO 35600 --- [springboot] [           main] .s.d.r.c.RepositoryConfigurationDelegate : Multiple Spring Data modules found, entering strict repository configuration mode
2026-06-08T21:00:50.797+09:00  INFO 35600 --- [springboot] [           main] .s.d.r.c.RepositoryConfigurationDelegate : Bootstrapping Spring Data Redis repositories in DEFAULT mode.
2026-06-08T21:00:50.824+09:00  INFO 35600 --- [springboot] [           main] .RepositoryConfigurationExtensionSupport : Spring Data Redis - Could not safely identify store assignment for repository candidate interface com.chs.springboot.domain.analysis.repository.AnalysisTemplateRepository; If you want this repository to be a Redis repository, consider annotating your entities with one of these annotations: org.springframework.data.redis.core.RedisHash (preferred), or consider extending one of the following types with your repository: org.springframework.data.keyvalue.repository.KeyValueRepository
2026-06-08T21:00:50.825+09:00  INFO 35600 --- [springboot] [           main] .RepositoryConfigurationExtensionSupport : Spring Data Redis - Could not safely identify store assignment for repository candidate interface com.chs.springboot.domain.binance.repository.AggTrade1mRepository; If you want this repository to be a Redis repository, consider annotating your entities with one of these annotations: org.springframework.data.redis.core.RedisHash (preferred), or consider extending one of the following types with your repository: org.springframework.data.keyvalue.repository.KeyValueRepository
2026-06-08T21:00:50.825+09:00  INFO 35600 --- [springboot] [           main] .RepositoryConfigurationExtensionSupport : Spring Data Redis - Could not safely identify store assignment for repository candidate interface com.chs.springboot.domain.binance.repository.AggTrade1sRepository; If you want this repository to be a Redis repository, consider annotating your entities with one of these annotations: org.springframework.data.redis.core.RedisHash (preferred), or consider extending one of the following types with your repository: org.springframework.data.keyvalue.repository.KeyValueRepository
2026-06-08T21:00:50.825+09:00  INFO 35600 --- [springboot] [           main] .RepositoryConfigurationExtensionSupport : Spring Data Redis - Could not safely identify store assignment for repository candidate interface com.chs.springboot.domain.binance.repository.AggTrade5mRepository; If you want this repository to be a Redis repository, consider annotating your entities with one of these annotations: org.springframework.data.redis.core.RedisHash (preferred), or consider extending one of the following types with your repository: org.springframework.data.keyvalue.repository.KeyValueRepository
2026-06-08T21:00:50.826+09:00  INFO 35600 --- [springboot] [           main] .RepositoryConfigurationExtensionSupport : Spring Data Redis - Could not safely identify store assignment for repository candidate interface com.chs.springboot.domain.binance.repository.AggTradeCollectStatusRepository; If you want this repository to be a Redis repository, consider annotating your entities with one of these annotations: org.springframework.data.redis.core.RedisHash (preferred), or consider extending one of the following types with your repository: org.springframework.data.keyvalue.repository.KeyValueRepository
2026-06-08T21:00:50.826+09:00  INFO 35600 --- [springboot] [           main] .RepositoryConfigurationExtensionSupport : Spring Data Redis - Could not safely identify store assignment for repository candidate interface com.chs.springboot.domain.binance.repository.BinanceTradeRepository; If you want this repository to be a Redis repository, consider annotating your entities with one of these annotations: org.springframework.data.redis.core.RedisHash (preferred), or consider extending one of the following types with your repository: org.springframework.data.keyvalue.repository.KeyValueRepository
2026-06-08T21:00:50.826+09:00  INFO 35600 --- [springboot] [           main] .RepositoryConfigurationExtensionSupport : Spring Data Redis - Could not safely identify store assignment for repository candidate interface com.chs.springboot.domain.binance.repository.ForceOrderRepository; If you want this repository to be a Redis repository, consider annotating your entities with one of these annotations: org.springframework.data.redis.core.RedisHash (preferred), or consider extending one of the following types with your repository: org.springframework.data.keyvalue.repository.KeyValueRepository
2026-06-08T21:00:50.826+09:00  INFO 35600 --- [springboot] [           main] .RepositoryConfigurationExtensionSupport : Spring Data Redis - Could not safely identify store assignment for repository candidate interface com.chs.springboot.domain.binance.repository.OpenInterestRepository; If you want this repository to be a Redis repository, consider annotating your entities with one of these annotations: org.springframework.data.redis.core.RedisHash (preferred), or consider extending one of the following types with your repository: org.springframework.data.keyvalue.repository.KeyValueRepository
2026-06-08T21:00:50.826+09:00  INFO 35600 --- [springboot] [           main] .RepositoryConfigurationExtensionSupport : Spring Data Redis - Could not safely identify store assignment for repository candidate interface com.chs.springboot.domain.binance.repository.RawAggTradeRepository; If you want this repository to be a Redis repository, consider annotating your entities with one of these annotations: org.springframework.data.redis.core.RedisHash (preferred), or consider extending one of the following types with your repository: org.springframework.data.keyvalue.repository.KeyValueRepository
2026-06-08T21:00:50.826+09:00  INFO 35600 --- [springboot] [           main] .RepositoryConfigurationExtensionSupport : Spring Data Redis - Could not safely identify store assignment for repository candidate interface com.chs.springboot.domain.binance.repository.RawTickRepository; If you want this repository to be a Redis repository, consider annotating your entities with one of these annotations: org.springframework.data.redis.core.RedisHash (preferred), or consider extending one of the following types with your repository: org.springframework.data.keyvalue.repository.KeyValueRepository
2026-06-08T21:00:50.827+09:00  INFO 35600 --- [springboot] [           main] .RepositoryConfigurationExtensionSupport : Spring Data Redis - Could not safely identify store assignment for repository candidate interface com.chs.springboot.domain.binance.repository.S3ArchiveLogRepository; If you want this repository to be a Redis repository, consider annotating your entities with one of these annotations: org.springframework.data.redis.core.RedisHash (preferred), or consider extending one of the following types with your repository: org.springframework.data.keyvalue.repository.KeyValueRepository
2026-06-08T21:00:50.827+09:00  INFO 35600 --- [springboot] [           main] .RepositoryConfigurationExtensionSupport : Spring Data Redis - Could not safely identify store assignment for repository candidate interface com.chs.springboot.domain.binance.repository.SignalParamsRepository; If you want this repository to be a Redis repository, consider annotating your entities with one of these annotations: org.springframework.data.redis.core.RedisHash (preferred), or consider extending one of the following types with your repository: org.springframework.data.keyvalue.repository.KeyValueRepository
2026-06-08T21:00:50.827+09:00  INFO 35600 --- [springboot] [           main] .RepositoryConfigurationExtensionSupport : Spring Data Redis - Could not safely identify store assignment for repository candidate interface com.chs.springboot.domain.weather.repository.WeatherRepository; If you want this repository to be a Redis repository, consider annotating your entities with one of these annotations: org.springframework.data.redis.core.RedisHash (preferred), or consider extending one of the following types with your repository: org.springframework.data.keyvalue.repository.KeyValueRepository
2026-06-08T21:00:50.827+09:00  INFO 35600 --- [springboot] [           main] .RepositoryConfigurationExtensionSupport : Spring Data Redis - Could not safely identify store assignment for repository candidate interface com.chs.springboot.features.contact.repository.ContactInquiryRepository; If you want this repository to be a Redis repository, consider annotating your entities with one of these annotations: org.springframework.data.redis.core.RedisHash (preferred), or consider extending one of the following types with your repository: org.springframework.data.keyvalue.repository.KeyValueRepository
2026-06-08T21:00:50.827+09:00  INFO 35600 --- [springboot] [           main] .RepositoryConfigurationExtensionSupport : Spring Data Redis - Could not safely identify store assignment for repository candidate interface com.chs.springboot.global.auth.repository.UserAccountPermissionRepository; If you want this repository to be a Redis repository, consider annotating your entities with one of these annotations: org.springframework.data.redis.core.RedisHash (preferred), or consider extending one of the following types with your repository: org.springframework.data.keyvalue.repository.KeyValueRepository
2026-06-08T21:00:50.828+09:00  INFO 35600 --- [springboot] [           main] .RepositoryConfigurationExtensionSupport : Spring Data Redis - Could not safely identify store assignment for repository candidate interface com.chs.springboot.global.auth.repository.UserAccountRepository; If you want this repository to be a Redis repository, consider annotating your entities with one of these annotations: org.springframework.data.redis.core.RedisHash (preferred), or consider extending one of the following types with your repository: org.springframework.data.keyvalue.repository.KeyValueRepository
2026-06-08T21:00:50.828+09:00  INFO 35600 --- [springboot] [           main] .RepositoryConfigurationExtensionSupport : Spring Data Redis - Could not safely identify store assignment for repository candidate interface com.chs.springboot.global.config.repository.AppConfigRepository; If you want this repository to be a Redis repository, consider annotating your entities with one of these annotations: org.springframework.data.redis.core.RedisHash (preferred), or consider extending one of the following types with your repository: org.springframework.data.keyvalue.repository.KeyValueRepository
2026-06-08T21:00:50.828+09:00  INFO 35600 --- [springboot] [           main] .RepositoryConfigurationExtensionSupport : Spring Data Redis - Could not safely identify store assignment for repository candidate interface com.chs.springboot.global.monitor.repository.AlertHistoryRepository; If you want this repository to be a Redis repository, consider annotating your entities with one of these annotations: org.springframework.data.redis.core.RedisHash (preferred), or consider extending one of the following types with your repository: org.springframework.data.keyvalue.repository.KeyValueRepository
2026-06-08T21:00:50.828+09:00  INFO 35600 --- [springboot] [           main] .RepositoryConfigurationExtensionSupport : Spring Data Redis - Could not safely identify store assignment for repository candidate interface com.chs.springboot.global.monitor.repository.IpAuditLogRepository; If you want this repository to be a Redis repository, consider annotating your entities with one of these annotations: org.springframework.data.redis.core.RedisHash (preferred), or consider extending one of the following types with your repository: org.springframework.data.keyvalue.repository.KeyValueRepository
2026-06-08T21:00:50.829+09:00  INFO 35600 --- [springboot] [           main] .RepositoryConfigurationExtensionSupport : Spring Data Redis - Could not safely identify store assignment for repository candidate interface com.chs.springboot.global.monitor.repository.VisitorLogRepository; If you want this repository to be a Redis repository, consider annotating your entities with one of these annotations: org.springframework.data.redis.core.RedisHash (preferred), or consider extending one of the following types with your repository: org.springframework.data.keyvalue.repository.KeyValueRepository
2026-06-08T21:00:50.829+09:00  INFO 35600 --- [springboot] [           main] .s.d.r.c.RepositoryConfigurationDelegate : Finished Spring Data repository scanning in 21 ms. Found 0 Redis repository interfaces.
2026-06-08T21:00:51.080+09:00  INFO 35600 --- [springboot] [           main] ptablePropertiesBeanFactoryPostProcessor : Post-processing PropertySource instances
2026-06-08T21:00:51.081+09:00  INFO 35600 --- [springboot] [           main] c.u.j.EncryptablePropertySourceConverter : Skipping PropertySource configurationProperties [class org.springframework.boot.context.properties.source.ConfigurationPropertySourcesPropertySource
2026-06-08T21:00:51.082+09:00  INFO 35600 --- [springboot] [           main] c.u.j.EncryptablePropertySourceConverter : Skipping PropertySource servletConfigInitParams [class org.springframework.core.env.PropertySource$StubPropertySource
2026-06-08T21:00:51.082+09:00  INFO 35600 --- [springboot] [           main] c.u.j.EncryptablePropertySourceConverter : Skipping PropertySource servletContextInitParams [class org.springframework.core.env.PropertySource$StubPropertySource
2026-06-08T21:00:51.083+09:00  INFO 35600 --- [springboot] [           main] c.u.j.EncryptablePropertySourceConverter : Converting PropertySource systemProperties [org.springframework.core.env.PropertiesPropertySource] to EncryptableMapPropertySourceWrapper
2026-06-08T21:00:51.083+09:00  INFO 35600 --- [springboot] [           main] c.u.j.EncryptablePropertySourceConverter : Converting PropertySource systemEnvironment [org.springframework.boot.env.SystemEnvironmentPropertySourceEnvironmentPostProcessor$OriginAwareSystemEnvironmentPropertySource] to EncryptableSystemEnvironmentPropertySourceWrapper
2026-06-08T21:00:51.084+09:00  INFO 35600 --- [springboot] [           main] c.u.j.EncryptablePropertySourceConverter : Converting PropertySource random [org.springframework.boot.env.RandomValuePropertySource] to EncryptablePropertySourceWrapper
2026-06-08T21:00:51.084+09:00  INFO 35600 --- [springboot] [           main] c.u.j.EncryptablePropertySourceConverter : Converting PropertySource Config resource 'class path resource [application-local.properties]' via location 'optional:classpath:/' [org.springframework.boot.env.OriginTrackedMapPropertySource] to EncryptableMapPropertySourceWrapper
2026-06-08T21:00:51.084+09:00  INFO 35600 --- [springboot] [           main] c.u.j.EncryptablePropertySourceConverter : Converting PropertySource Config resource 'class path resource [application.properties]' via location 'optional:classpath:/' [org.springframework.boot.env.OriginTrackedMapPropertySource] to EncryptableMapPropertySourceWrapper
2026-06-08T21:00:51.084+09:00  INFO 35600 --- [springboot] [           main] c.u.j.EncryptablePropertySourceConverter : Converting PropertySource applicationInfo [org.springframework.boot.ApplicationInfoPropertySource] to EncryptableMapPropertySourceWrapper
2026-06-08T21:00:51.546+09:00  INFO 35600 --- [springboot] [           main] o.s.b.w.embedded.tomcat.TomcatWebServer  : Tomcat initialized with port 8080 (http)
2026-06-08T21:00:51.557+09:00  INFO 35600 --- [springboot] [           main] o.apache.catalina.core.StandardService   : Starting service [Tomcat]
2026-06-08T21:00:51.557+09:00  INFO 35600 --- [springboot] [           main] o.apache.catalina.core.StandardEngine    : Starting Servlet engine: [Apache Tomcat/10.1.34]
2026-06-08T21:00:51.596+09:00  INFO 35600 --- [springboot] [           main] o.a.c.c.C.[Tomcat].[localhost].[/]       : Initializing Spring embedded WebApplicationContext
2026-06-08T21:00:51.596+09:00  INFO 35600 --- [springboot] [           main] w.s.c.ServletWebServerApplicationContext : Root WebApplicationContext: initialization completed in 2113 ms
2026-06-08T21:00:51.670+09:00  INFO 35600 --- [springboot] [           main] c.u.j.filter.DefaultLazyPropertyFilter   : Property Filter custom Bean not found with name 'encryptablePropertyFilter'. Initializing Default Property Filter
2026-06-08T21:00:51.677+09:00  INFO 35600 --- [springboot] [           main] c.u.j.r.DefaultLazyPropertyResolver      : Property Resolver custom Bean not found with name 'encryptablePropertyResolver'. Initializing Default Property Resolver
2026-06-08T21:00:51.679+09:00  INFO 35600 --- [springboot] [           main] c.u.j.d.DefaultLazyPropertyDetector      : Property Detector custom Bean not found with name 'encryptablePropertyDetector'. Initializing Default Property Detector
2026-06-08T21:00:51.962+09:00 ERROR 35600 --- [springboot] [           main] o.s.b.web.embedded.tomcat.TomcatStarter  : Error starting Tomcat context. Exception: org.springframework.beans.factory.UnsatisfiedDependencyException. Message: Error creating bean with name 'cpuLoadSheddingFilter' defined in file [C:\Users\Tissue\IdeaProjects\home\springboot\build\classes\java\main\com\chs\springboot\global\filter\CpuLoadSheddingFilter.class]: Unsatisfied dependency expressed through constructor parameter 0: Error creating bean with name 'metricCollectorService' defined in file [C:\Users\Tissue\IdeaProjects\home\springboot\build\classes\java\main\com\chs\springboot\global\monitor\service\MetricCollectorService.class]: Unsatisfied dependency expressed through constructor parameter 1: No qualifying bean of type 'org.springframework.jdbc.core.JdbcTemplate' available: expected single matching bean but found 2: pgVectorJdbcTemplate,batchJdbcTemplate
2026-06-08T21:00:51.966+09:00  INFO 35600 --- [springboot] [pool-3-thread-1] o.s.a.r.c.CachingConnectionFactory       : Attempting to connect to: localhost:5672
2026-06-08T21:00:51.986+09:00  INFO 35600 --- [springboot] [           main] o.apache.catalina.core.StandardService   : Stopping service [Tomcat]
2026-06-08T21:00:51.996+09:00  WARN 35600 --- [springboot] [           main] o.a.c.loader.WebappClassLoaderBase       : The web application [ROOT] appears to have started a thread named [lettuce-timer-3-1] but has failed to stop it. This is very likely to create a memory leak. Stack trace of thread:
 java.base@17.0.18/java.lang.Thread.sleep(Native Method)
 app//io.netty.util.HashedWheelTimer$Worker.waitForNextTick(HashedWheelTimer.java:598)
 app//io.netty.util.HashedWheelTimer$Worker.run(HashedWheelTimer.java:494)
 app//io.netty.util.concurrent.FastThreadLocalRunnable.run(FastThreadLocalRunnable.java:30)
 java.base@17.0.18/java.lang.Thread.run(Thread.java:842)
2026-06-08T21:00:51.997+09:00  WARN 35600 --- [springboot] [           main] ConfigServletWebServerApplicationContext : Exception encountered during context initialization - cancelling refresh attempt: org.springframework.context.ApplicationContextException: Unable to start web server
2026-06-08T21:00:52.018+09:00  INFO 35600 --- [springboot] [           main] .s.b.a.l.ConditionEvaluationReportLogger : 

Error starting ApplicationContext. To display the condition evaluation report re-run your application with 'debug' enabled.
2026-06-08T21:00:52.019+09:00  INFO 35600 --- [springboot] [pool-3-thread-1] o.s.a.r.c.CachingConnectionFactory       : Created new connection: SpringAMQP#365861f1:0/SimpleConnection@7bfa141e [delegate=amqp://guest@127.0.0.1:5672/, localPort=55287]
2026-06-08T21:00:52.032+09:00 ERROR 35600 --- [springboot] [           main] o.s.b.d.LoggingFailureAnalysisReporter   : 

***************************
APPLICATION FAILED TO START
***************************

Description:

Parameter 1 of constructor in com.chs.springboot.global.monitor.service.MetricCollectorService required a single bean, but 2 were found:
	- pgVectorJdbcTemplate: defined by method 'pgVectorJdbcTemplate' in class path resource [com/chs/springboot/domain/chatbot/config/PgVectorConfig.class]
	- batchJdbcTemplate: defined by method 'batchJdbcTemplate' in class path resource [com/chs/springboot/global/config/DataSourceConfig.class]

This may be due to missing parameter name information

Action:

Consider marking one of the beans as @Primary, updating the consumer to accept multiple beans, or using @Qualifier to identify the bean that should be consumed

Ensure that your compiler is configured to use the '-parameters' flag.
You may need to update both your build tool settings as well as your IDE.
(See https://github.com/spring-projects/spring-framework/wiki/Upgrading-to-Spring-Framework-6.x#parameter-name-retention)


